
> vite_react_shadcn_ts@0.0.0 build
> vite build

[36mvite v7.3.0 [32mbuilding client environment for production...[36m[39m
[32m✓[39m 0 modules transformed.
[31m✗[39m Build failed in 79ms
[31merror during build:
[31m[vite:build-html] EISDIR: illegal operation on a directory, read[31m
file: [36mD:/Blockchain/aptos-citizen-flow/index.html[31m
    at async readFileHandle (node:internal/fs/promises:555:24)
    at async fileToBuiltUrl (file:///D:/Blockchain/aptos-citizen-flow/node_modules/vite/dist/node/chunks/config.js:8777:18)
    at async processAssetUrl (file:///D:/Blockchain/aptos-citizen-flow/node_modules/vite/dist/node/chunks/config.js:23897:14)
    at async file:///D:/Blockchain/aptos-citizen-flow/node_modules/vite/dist/node/chunks/config.js:23973:30
    at async Promise.all (index 0)
    at async Object.handler (file:///D:/Blockchain/aptos-citizen-flow/node_modules/vite/dist/node/chunks/config.js:24000:5)
    at async transform (file:///D:/Blockchain/aptos-citizen-flow/node_modules/rollup/dist/es/shared/node-entry.js:21234:16)
    at async ModuleLoader.addModuleSource (file:///D:/Blockchain/aptos-citizen-flow/node_modules/rollup/dist/es/shared/node-entry.js:21448:36)[39m
